\BOOKMARK [1][-]{section.1}{\376\377\000I\000n\000t\000r\000o\000d\000u\000c\000t\000i\000o\000n}{}% 1
\BOOKMARK [1][-]{section.2}{\376\377\000M\000e\000t\000h\000o\000d\000o\000l\000o\000g\000y}{}% 2
\BOOKMARK [2][-]{subsection.2.1}{\376\377\000D\000i\000s\000c\000o\000v\000e\000r\000y\000\040\000C\000o\000h\000o\000r\000t\000\040\000a\000n\000d\000\040\000M\000o\000l\000e\000c\000u\000l\000a\000r\000\040\000F\000i\000l\000t\000e\000r\000i\000n\000g}{section.2}% 3
\BOOKMARK [2][-]{subsection.2.2}{\376\377\000S\000e\000c\000o\000n\000d\000a\000r\000y\000\040\000O\000n\000c\000o\000g\000e\000n\000e\000\040\000C\000l\000a\000s\000s\000i\000f\000i\000c\000a\000t\000i\000o\000n}{section.2}% 4
\BOOKMARK [2][-]{subsection.2.3}{\376\377\000T\000r\000a\000n\000s\000c\000r\000i\000p\000t\000o\000m\000i\000c\000\040\000R\000i\000s\000k\000\040\000S\000c\000o\000r\000e}{section.2}% 5
\BOOKMARK [2][-]{subsection.2.4}{\376\377\000G\000e\000n\000e\000\040\000S\000e\000t\000\040\000E\000n\000r\000i\000c\000h\000m\000e\000n\000t\000\040\000A\000n\000a\000l\000y\000s\000i\000s}{section.2}% 6
\BOOKMARK [2][-]{subsection.2.5}{\376\377\000M\000e\000t\000h\000y\000l\000a\000t\000i\000o\000n\000\040\000A\000n\000a\000l\000y\000s\000i\000s}{section.2}% 7
\BOOKMARK [2][-]{subsection.2.6}{\376\377\000M\000u\000l\000t\000i\000-\000L\000a\000y\000e\000r\000\040\000C\000o\000x\000\040\000M\000o\000d\000e\000l}{section.2}% 8
\BOOKMARK [2][-]{subsection.2.7}{\376\377\000B\000o\000o\000t\000s\000t\000r\000a\000p\000\040\000O\000p\000t\000i\000m\000i\000s\000m\000\040\000C\000o\000r\000r\000e\000c\000t\000i\000o\000n}{section.2}% 9
\BOOKMARK [2][-]{subsection.2.8}{\376\377\000E\000x\000t\000e\000r\000n\000a\000l\000\040\000V\000a\000l\000i\000d\000a\000t\000i\000o\000n}{section.2}% 10
\BOOKMARK [2][-]{subsection.2.9}{\376\377\000N\000o\000m\000o\000g\000r\000a\000m\000\040\000C\000o\000n\000s\000t\000r\000u\000c\000t\000i\000o\000n}{section.2}% 11
\BOOKMARK [2][-]{subsection.2.10}{\376\377\000P\000a\000t\000i\000e\000n\000t\000-\000L\000e\000v\000e\000l\000\040\000P\000r\000e\000d\000i\000c\000t\000i\000o\000n\000\040\000T\000o\000o\000l}{section.2}% 12
\BOOKMARK [2][-]{subsection.2.11}{\376\377\000S\000t\000a\000t\000i\000s\000t\000i\000c\000a\000l\000\040\000A\000n\000a\000l\000y\000s\000i\000s}{section.2}% 13
\BOOKMARK [1][-]{section.3}{\376\377\000R\000e\000s\000u\000l\000t\000s}{}% 14
\BOOKMARK [2][-]{subsection.3.1}{\376\377\000C\000o\000h\000o\000r\000t\000\040\000C\000h\000a\000r\000a\000c\000t\000e\000r\000i\000s\000t\000i\000c\000s\000\040\000a\000n\000d\000\040\000M\000o\000l\000e\000c\000u\000l\000a\000r\000\040\000M\000i\000s\000c\000l\000a\000s\000s\000i\000f\000i\000c\000a\000t\000i\000o\000n}{section.3}% 15
\BOOKMARK [2][-]{subsection.3.2}{\376\377\000S\000e\000c\000o\000n\000d\000a\000r\000y\000\040\000O\000n\000c\000o\000g\000e\000n\000e\000\040\000M\000u\000t\000a\000t\000i\000o\000n\000s}{section.3}% 16
\BOOKMARK [2][-]{subsection.3.3}{\376\377\000T\000r\000a\000n\000s\000c\000r\000i\000p\000t\000o\000m\000i\000c\000\040\000R\000i\000s\000k\000\040\000S\000c\000o\000r\000e}{section.3}% 17
\BOOKMARK [2][-]{subsection.3.4}{\376\377\000G\000e\000n\000e\000\040\000S\000e\000t\000\040\000E\000n\000r\000i\000c\000h\000m\000e\000n\000t\000\040\000A\000n\000a\000l\000y\000s\000i\000s}{section.3}% 18
\BOOKMARK [2][-]{subsection.3.5}{\376\377\000M\000e\000t\000h\000y\000l\000a\000t\000i\000o\000n}{section.3}% 19
\BOOKMARK [2][-]{subsection.3.6}{\376\377\000M\000u\000l\000t\000i\000-\000L\000a\000y\000e\000r\000\040\000C\000o\000x\000\040\000M\000o\000d\000e\000l}{section.3}% 20
\BOOKMARK [2][-]{subsection.3.7}{\376\377\000E\000x\000t\000e\000r\000n\000a\000l\000\040\000V\000a\000l\000i\000d\000a\000t\000i\000o\000n\000\040\000\050\000C\000G\000G\000A\000\051}{section.3}% 21
\BOOKMARK [2][-]{subsection.3.8}{\376\377\000N\000o\000m\000o\000g\000r\000a\000m}{section.3}% 22
\BOOKMARK [2][-]{subsection.3.9}{\376\377\000P\000a\000t\000i\000e\000n\000t\000-\000L\000e\000v\000e\000l\000\040\000P\000r\000e\000d\000i\000c\000t\000i\000o\000n\000\040\000T\000o\000o\000l}{section.3}% 23
\BOOKMARK [1][-]{section.4}{\376\377\000D\000i\000s\000c\000u\000s\000s\000i\000o\000n}{}% 24
\BOOKMARK [2][-]{subsection.4.1}{\376\377\000L\000i\000m\000i\000t\000a\000t\000i\000o\000n\000s}{section.4}% 25
\BOOKMARK [2][-]{subsection.4.2}{\376\377\000F\000u\000t\000u\000r\000e\000\040\000D\000i\000r\000e\000c\000t\000i\000o\000n\000s}{section.4}% 26
\BOOKMARK [1][-]{section.5}{\376\377\000C\000o\000n\000c\000l\000u\000s\000i\000o\000n}{}% 27
